Component: ARM Compiler 5.05 update 1 (build 106) Tool: armlink [4d0efa]

==============================================================================

Section Cross References

    main.o(i.main) refers to switch.o(i.TaskSchedInit) for TaskSchedInit
    main.o(i.main) refers to switch.o(i.TaskDelayInit) for TaskDelayInit
    main.o(i.main) refers to app.o(i.InitApp) for InitApp
    main.o(i.main) refers to task.o(i.TaskInit) for TaskInit
    main.o(i.main) refers to switch.o(i.TaskHighestReady) for TaskHighestReady
    main.o(i.main) refers to switch.o(i.TaskRunFirst) for TaskRunFirst
    main.o(i.main) refers to main.o(.bss) for idleTaskEnv
    main.o(i.main) refers to main.o(i.idleTaskEntry) for idleTaskEntry
    main.o(i.main) refers to switch.o(.data) for nextTask
    switch.o(.emb_text) refers to switch.o(.data) for currentTask
    switch.o(i.TaskDelayInit) refers to tlist.o(i.ListInit) for ListInit
    switch.o(i.TaskDelayInit) refers to switch.o(.bss) for tTaskDelayList
    switch.o(i.TaskHighestReady) refers to tbitmap.o(i.BitmapGetFirstSet) for BitmapGetFirstSet
    switch.o(i.TaskHighestReady) refers to tlist.o(i.ListFirst) for ListFirst
    switch.o(i.TaskHighestReady) refers to switch.o(.data) for taskPrioBitmap
    switch.o(i.TaskHighestReady) refers to switch.o(.bss) for taskTable
    switch.o(i.TaskRunFirst) refers to switch.o(i.triggerPendSVC) for triggerPendSVC
    switch.o(i.TaskSched) refers to switch.o(i.TaskEnterCritical) for TaskEnterCritical
    switch.o(i.TaskSched) refers to switch.o(i.TaskExitCritical) for TaskExitCritical
    switch.o(i.TaskSched) refers to switch.o(i.TaskHighestReady) for TaskHighestReady
    switch.o(i.TaskSched) refers to switch.o(i.TaskSwitch) for TaskSwitch
    switch.o(i.TaskSched) refers to switch.o(.data) for schedLockCount
    switch.o(i.TaskSchedDisable) refers to switch.o(i.TaskEnterCritical) for TaskEnterCritical
    switch.o(i.TaskSchedDisable) refers to switch.o(i.TaskExitCritical) for TaskExitCritical
    switch.o(i.TaskSchedDisable) refers to switch.o(.data) for schedLockCount
    switch.o(i.TaskSchedEnable) refers to switch.o(i.TaskEnterCritical) for TaskEnterCritical
    switch.o(i.TaskSchedEnable) refers to switch.o(i.TaskSched) for TaskSched
    switch.o(i.TaskSchedEnable) refers to switch.o(i.TaskExitCritical) for TaskExitCritical
    switch.o(i.TaskSchedEnable) refers to switch.o(.data) for schedLockCount
    switch.o(i.TaskSchedInit) refers to tbitmap.o(i.BitmapInit) for BitmapInit
    switch.o(i.TaskSchedInit) refers to tlist.o(i.ListInit) for ListInit
    switch.o(i.TaskSchedInit) refers to switch.o(.data) for schedLockCount
    switch.o(i.TaskSchedInit) refers to switch.o(.bss) for taskTable
    switch.o(i.TaskSchedRdy) refers to tlist.o(i.ListAddLast) for ListAddLast
    switch.o(i.TaskSchedRdy) refers to tbitmap.o(i.BitmapSet) for BitmapSet
    switch.o(i.TaskSchedRdy) refers to switch.o(.bss) for taskTable
    switch.o(i.TaskSchedRdy) refers to switch.o(.data) for taskPrioBitmap
    switch.o(i.TaskSchedUnRdy) refers to tlist.o(i.ListRemove) for ListRemove
    switch.o(i.TaskSchedUnRdy) refers to tlist.o(i.ListCount) for ListCount
    switch.o(i.TaskSchedUnRdy) refers to tbitmap.o(i.BitmapClear) for BitmapClear
    switch.o(i.TaskSchedUnRdy) refers to switch.o(.bss) for taskTable
    switch.o(i.TaskSchedUnRdy) refers to switch.o(.data) for taskPrioBitmap
    switch.o(i.TaskSwitch) refers to switch.o(i.triggerPendSVC) for triggerPendSVC
    switch.o(i.TaskSysTickHandler) refers to switch.o(i.TaskEnterCritical) for TaskEnterCritical
    switch.o(i.TaskSysTickHandler) refers to event.o(i.EventRemoveTask) for EventRemoveTask
    switch.o(i.TaskSysTickHandler) refers to switch.o(i.TimeTaskWakeUp) for TimeTaskWakeUp
    switch.o(i.TaskSysTickHandler) refers to switch.o(i.TaskSchedRdy) for TaskSchedRdy
    switch.o(i.TaskSysTickHandler) refers to tlist.o(i.ListCount) for ListCount
    switch.o(i.TaskSysTickHandler) refers to tlist.o(i.ListRemoveFirst) for ListRemoveFirst
    switch.o(i.TaskSysTickHandler) refers to tlist.o(i.ListAddLast) for ListAddLast
    switch.o(i.TaskSysTickHandler) refers to switch.o(i.TaskExitCritical) for TaskExitCritical
    switch.o(i.TaskSysTickHandler) refers to switch.o(i.TaskSched) for TaskSched
    switch.o(i.TaskSysTickHandler) refers to switch.o(.bss) for tTaskDelayList
    switch.o(i.TaskSysTickHandler) refers to switch.o(.data) for currentTask
    switch.o(i.TimeTaskRemove) refers to tlist.o(i.ListRemove) for ListRemove
    switch.o(i.TimeTaskRemove) refers to switch.o(.bss) for tTaskDelayList
    switch.o(i.TimeTaskWait) refers to tlist.o(i.ListAddLast) for ListAddLast
    switch.o(i.TimeTaskWait) refers to switch.o(.bss) for tTaskDelayList
    switch.o(i.TimeTaskWakeUp) refers to tlist.o(i.ListRemove) for ListRemove
    switch.o(i.TimeTaskWakeUp) refers to switch.o(.bss) for tTaskDelayList
    tbitmap.o(i.BitmapGetFirstSet) refers to tbitmap.o(i.BitmapPosCount) for BitmapPosCount
    tbitmap.o(i.BitmapGetFirstSet) refers to tbitmap.o(.constdata) for quickFindTable
    cup.o(i.SetSysTickPeriod) refers to system_armcm3.o(.data) for SystemCoreClock
    cup.o(i.SysTick_Handler) refers to switch.o(i.TaskSysTickHandler) for TaskSysTickHandler
    time.o(i.taskDelay) refers to switch.o(i.TaskEnterCritical) for TaskEnterCritical
    time.o(i.taskDelay) refers to switch.o(i.TimeTaskWait) for TimeTaskWait
    time.o(i.taskDelay) refers to switch.o(i.TaskSchedUnRdy) for TaskSchedUnRdy
    time.o(i.taskDelay) refers to switch.o(i.TaskSched) for TaskSched
    time.o(i.taskDelay) refers to switch.o(i.TaskExitCritical) for TaskExitCritical
    time.o(i.taskDelay) refers to switch.o(.data) for currentTask
    task.o(i.TaskDeleteSelf) refers to switch.o(i.TaskEnterCritical) for TaskEnterCritical
    task.o(i.TaskDeleteSelf) refers to switch.o(i.TaskSchedUnRdy) for TaskSchedUnRdy
    task.o(i.TaskDeleteSelf) refers to switch.o(i.TaskSched) for TaskSched
    task.o(i.TaskDeleteSelf) refers to switch.o(i.TaskExitCritical) for TaskExitCritical
    task.o(i.TaskDeleteSelf) refers to switch.o(.data) for currentTask
    task.o(i.TaskForceDelete) refers to switch.o(i.TaskEnterCritical) for TaskEnterCritical
    task.o(i.TaskForceDelete) refers to switch.o(i.TimeTaskRemove) for TimeTaskRemove
    task.o(i.TaskForceDelete) refers to switch.o(i.TaskSchedUnRdy) for TaskSchedUnRdy
    task.o(i.TaskForceDelete) refers to switch.o(i.TaskSched) for TaskSched
    task.o(i.TaskForceDelete) refers to switch.o(i.TaskExitCritical) for TaskExitCritical
    task.o(i.TaskForceDelete) refers to switch.o(.data) for currentTask
    task.o(i.TaskGetInfo) refers to switch.o(i.TaskEnterCritical) for TaskEnterCritical
    task.o(i.TaskGetInfo) refers to switch.o(i.TaskExitCritical) for TaskExitCritical
    task.o(i.TaskInit) refers to tlist.o(i.NodeInit) for NodeInit
    task.o(i.TaskInit) refers to switch.o(i.TaskSchedRdy) for TaskSchedRdy
    task.o(i.TaskIsRequestedDelete) refers to switch.o(i.TaskEnterCritical) for TaskEnterCritical
    task.o(i.TaskIsRequestedDelete) refers to switch.o(i.TaskExitCritical) for TaskExitCritical
    task.o(i.TaskIsRequestedDelete) refers to switch.o(.data) for currentTask
    task.o(i.TaskRequestDelete) refers to switch.o(i.TaskEnterCritical) for TaskEnterCritical
    task.o(i.TaskRequestDelete) refers to switch.o(i.TaskExitCritical) for TaskExitCritical
    task.o(i.TaskSuspend) refers to switch.o(i.TaskEnterCritical) for TaskEnterCritical
    task.o(i.TaskSuspend) refers to switch.o(i.TaskSchedUnRdy) for TaskSchedUnRdy
    task.o(i.TaskSuspend) refers to switch.o(i.TaskSched) for TaskSched
    task.o(i.TaskSuspend) refers to switch.o(i.TaskExitCritical) for TaskExitCritical
    task.o(i.TaskSuspend) refers to switch.o(.data) for currentTask
    task.o(i.TaskWakeUp) refers to switch.o(i.TaskEnterCritical) for TaskEnterCritical
    task.o(i.TaskWakeUp) refers to switch.o(i.TaskSchedRdy) for TaskSchedRdy
    task.o(i.TaskWakeUp) refers to switch.o(i.TaskSched) for TaskSched
    task.o(i.TaskWakeUp) refers to switch.o(i.TaskExitCritical) for TaskExitCritical
    app.o(i.InitApp) refers to task.o(i.TaskInit) for TaskInit
    app.o(i.InitApp) refers to app.o(.bss) for task1Env
    app.o(i.InitApp) refers to app.o(i.task1Entry) for task1Entry
    app.o(i.InitApp) refers to app.o(i.task2Entry) for task2Entry
    app.o(i.InitApp) refers to app.o(i.task3Entry) for task3Entry
    app.o(i.InitApp) refers to app.o(i.task4Entry) for task4Entry
    app.o(i.task1Entry) refers to cup.o(i.SetSysTickPeriod) for SetSysTickPeriod
    app.o(i.task1Entry) refers to event.o(i.EventInit) for EventInit
    app.o(i.task1Entry) refers to event.o(i.EventWaitCount) for EventWaitCount
    app.o(i.task1Entry) refers to event.o(i.EventRemoveAll) for EventRemoveAll
    app.o(i.task1Entry) refers to switch.o(i.TaskSched) for TaskSched
    app.o(i.task1Entry) refers to time.o(i.taskDelay) for taskDelay
    app.o(i.task1Entry) refers to app.o(.bss) for eventWaitNormal
    app.o(i.task1Entry) refers to app.o(.data) for task1Flag
    app.o(i.task2Entry) refers to event.o(i.EventWait) for EventWait
    app.o(i.task2Entry) refers to switch.o(i.TaskSched) for TaskSched
    app.o(i.task2Entry) refers to time.o(i.taskDelay) for taskDelay
    app.o(i.task2Entry) refers to switch.o(.data) for currentTask
    app.o(i.task2Entry) refers to app.o(.bss) for eventWaitNormal
    app.o(i.task2Entry) refers to app.o(.data) for task2Flag
    app.o(i.task3Entry) refers to event.o(i.EventWait) for EventWait
    app.o(i.task3Entry) refers to switch.o(i.TaskSched) for TaskSched
    app.o(i.task3Entry) refers to time.o(i.taskDelay) for taskDelay
    app.o(i.task3Entry) refers to switch.o(.data) for currentTask
    app.o(i.task3Entry) refers to app.o(.bss) for eventWaitNormal
    app.o(i.task3Entry) refers to app.o(.data) for task3Flag
    app.o(i.task4Entry) refers to event.o(i.EventWait) for EventWait
    app.o(i.task4Entry) refers to switch.o(i.TaskSched) for TaskSched
    app.o(i.task4Entry) refers to time.o(i.taskDelay) for taskDelay
    app.o(i.task4Entry) refers to switch.o(.data) for currentTask
    app.o(i.task4Entry) refers to app.o(.bss) for eventWaitNormal
    app.o(i.task4Entry) refers to app.o(.data) for task4Flag
    event.o(i.EventInit) refers to tlist.o(i.ListInit) for ListInit
    event.o(i.EventRemoveAll) refers to switch.o(i.TaskEnterCritical) for TaskEnterCritical
    event.o(i.EventRemoveAll) refers to tlist.o(i.ListCount) for ListCount
    event.o(i.EventRemoveAll) refers to switch.o(i.TimeTaskWakeUp) for TimeTaskWakeUp
    event.o(i.EventRemoveAll) refers to switch.o(i.TaskSchedRdy) for TaskSchedRdy
    event.o(i.EventRemoveAll) refers to tlist.o(i.ListRemoveFirst) for ListRemoveFirst
    event.o(i.EventRemoveAll) refers to switch.o(i.TaskExitCritical) for TaskExitCritical
    event.o(i.EventRemoveTask) refers to switch.o(i.TaskEnterCritical) for TaskEnterCritical
    event.o(i.EventRemoveTask) refers to tlist.o(i.ListRemove) for ListRemove
    event.o(i.EventRemoveTask) refers to switch.o(i.TaskExitCritical) for TaskExitCritical
    event.o(i.EventWait) refers to switch.o(i.TaskEnterCritical) for TaskEnterCritical
    event.o(i.EventWait) refers to switch.o(i.TaskSchedUnRdy) for TaskSchedUnRdy
    event.o(i.EventWait) refers to tlist.o(i.ListAddLast) for ListAddLast
    event.o(i.EventWait) refers to switch.o(i.TimeTaskWait) for TimeTaskWait
    event.o(i.EventWait) refers to switch.o(i.TaskExitCritical) for TaskExitCritical
    event.o(i.EventWaitCount) refers to switch.o(i.TaskEnterCritical) for TaskEnterCritical
    event.o(i.EventWaitCount) refers to tlist.o(i.ListCount) for ListCount
    event.o(i.EventWaitCount) refers to switch.o(i.TaskExitCritical) for TaskExitCritical
    event.o(i.EventWakeUp) refers to switch.o(i.TaskEnterCritical) for TaskEnterCritical
    event.o(i.EventWakeUp) refers to tlist.o(i.ListRemoveFirst) for ListRemoveFirst
    event.o(i.EventWakeUp) refers to switch.o(i.TimeTaskWakeUp) for TimeTaskWakeUp
    event.o(i.EventWakeUp) refers to switch.o(i.TaskSchedRdy) for TaskSchedRdy
    event.o(i.EventWakeUp) refers to switch.o(i.TaskExitCritical) for TaskExitCritical
    startup_armcm3.o(STACK) refers (Special) to heapauxi.o(.text) for __use_two_region_memory
    startup_armcm3.o(HEAP) refers (Special) to heapauxi.o(.text) for __use_two_region_memory
    startup_armcm3.o(RESET) refers (Special) to heapauxi.o(.text) for __use_two_region_memory
    startup_armcm3.o(RESET) refers to startup_armcm3.o(STACK) for __initial_sp
    startup_armcm3.o(RESET) refers to startup_armcm3.o(.text) for Reset_Handler
    startup_armcm3.o(RESET) refers to switch.o(.emb_text) for PendSV_Handler
    startup_armcm3.o(RESET) refers to cup.o(i.SysTick_Handler) for SysTick_Handler
    startup_armcm3.o(.text) refers (Special) to heapauxi.o(.text) for __use_two_region_memory
    startup_armcm3.o(.text) refers to system_armcm3.o(i.SystemInit) for SystemInit
    startup_armcm3.o(.text) refers to __main.o(!!!main) for __main
    startup_armcm3.o(.text) refers to startup_armcm3.o(HEAP) for Heap_Mem
    startup_armcm3.o(.text) refers to startup_armcm3.o(STACK) for Stack_Mem
    system_armcm3.o(i.SystemCoreClockUpdate) refers to system_armcm3.o(.data) for SystemCoreClock
    system_armcm3.o(i.SystemInit) refers to system_armcm3.o(.data) for SystemCoreClock
    __main.o(!!!main) refers to __rtentry.o(.ARM.Collect$$rtentry$$00000000) for __rt_entry
    __rtentry.o(.ARM.Collect$$rtentry$$00000000) refers (Special) to __rtentry2.o(.ARM.Collect$$rtentry$$0000000A) for __rt_entry_li
    __rtentry.o(.ARM.Collect$$rtentry$$00000000) refers (Special) to __rtentry2.o(.ARM.Collect$$rtentry$$0000000D) for __rt_entry_main
    __rtentry.o(.ARM.Collect$$rtentry$$00000000) refers (Special) to __rtentry2.o(.ARM.Collect$$rtentry$$0000000C) for __rt_entry_postli_1
    __rtentry.o(.ARM.Collect$$rtentry$$00000000) refers (Special) to __rtentry2.o(.ARM.Collect$$rtentry$$00000009) for __rt_entry_postsh_1
    __rtentry.o(.ARM.Collect$$rtentry$$00000000) refers (Special) to __rtentry2.o(.ARM.Collect$$rtentry$$00000002) for __rt_entry_presh_1
    __rtentry.o(.ARM.Collect$$rtentry$$00000000) refers (Special) to __rtentry4.o(.ARM.Collect$$rtentry$$00000004) for __rt_entry_sh
    __rtentry2.o(.ARM.Collect$$rtentry$$00000008) refers to boardinit2.o(.text) for _platform_post_stackheap_init
    __rtentry2.o(.ARM.Collect$$rtentry$$0000000A) refers to libinit.o(.ARM.Collect$$libinit$$00000000) for __rt_lib_init
    __rtentry2.o(.ARM.Collect$$rtentry$$0000000B) refers to boardinit3.o(.text) for _platform_post_lib_init
    __rtentry2.o(.ARM.Collect$$rtentry$$0000000D) refers to main.o(i.main) for main
    __rtentry2.o(.ARM.Collect$$rtentry$$0000000D) refers to exit.o(.text) for exit
    __rtentry2.o(.ARM.exidx) refers to __rtentry2.o(.ARM.Collect$$rtentry$$00000001) for .ARM.Collect$$rtentry$$00000001
    __rtentry2.o(.ARM.exidx) refers to __rtentry2.o(.ARM.Collect$$rtentry$$00000008) for .ARM.Collect$$rtentry$$00000008
    __rtentry2.o(.ARM.exidx) refers to __rtentry2.o(.ARM.Collect$$rtentry$$0000000A) for .ARM.Collect$$rtentry$$0000000A
    __rtentry2.o(.ARM.exidx) refers to __rtentry2.o(.ARM.Collect$$rtentry$$0000000B) for .ARM.Collect$$rtentry$$0000000B
    __rtentry2.o(.ARM.exidx) refers to __rtentry2.o(.ARM.Collect$$rtentry$$0000000D) for .ARM.Collect$$rtentry$$0000000D
    __rtentry4.o(.ARM.Collect$$rtentry$$00000004) refers to sys_stackheap_outer.o(.text) for __user_setup_stackheap
    __rtentry4.o(.ARM.exidx) refers to __rtentry4.o(.ARM.Collect$$rtentry$$00000004) for .ARM.Collect$$rtentry$$00000004
    sys_stackheap_outer.o(.text) refers to libspace.o(.text) for __user_perproc_libspace
    sys_stackheap_outer.o(.text) refers to startup_armcm3.o(.text) for __user_initial_stackheap
    exit.o(.text) refers to rtexit.o(.ARM.Collect$$rtexit$$00000000) for __rt_exit
    libinit.o(.ARM.Collect$$libinit$$00000000) refers (Special) to libinit2.o(.ARM.Collect$$libinit$$0000002E) for __rt_lib_init_alloca_1
    libinit.o(.ARM.Collect$$libinit$$00000000) refers (Special) to libinit2.o(.ARM.Collect$$libinit$$0000002C) for __rt_lib_init_argv_1
    libinit.o(.ARM.Collect$$libinit$$00000000) refers (Special) to libinit2.o(.ARM.Collect$$libinit$$0000001B) for __rt_lib_init_atexit_1
    libinit.o(.ARM.Collect$$libinit$$00000000) refers (Special) to libinit2.o(.ARM.Collect$$libinit$$00000021) for __rt_lib_init_clock_1
    libinit.o(.ARM.Collect$$libinit$$00000000) refers (Special) to libinit2.o(.ARM.Collect$$libinit$$00000032) for __rt_lib_init_cpp_1
    libinit.o(.ARM.Collect$$libinit$$00000000) refers (Special) to libinit2.o(.ARM.Collect$$libinit$$00000030) for __rt_lib_init_exceptions_1
    libinit.o(.ARM.Collect$$libinit$$00000000) refers (Special) to libinit2.o(.ARM.Collect$$libinit$$00000002) for __rt_lib_init_fp_1
    libinit.o(.ARM.Collect$$libinit$$00000000) refers (Special) to libinit2.o(.ARM.Collect$$libinit$$0000001F) for __rt_lib_init_fp_trap_1
    libinit.o(.ARM.Collect$$libinit$$00000000) refers (Special) to libinit2.o(.ARM.Collect$$libinit$$00000023) for __rt_lib_init_getenv_1
    libinit.o(.ARM.Collect$$libinit$$00000000) refers (Special) to libinit2.o(.ARM.Collect$$libinit$$0000000A) for __rt_lib_init_heap_1
    libinit.o(.ARM.Collect$$libinit$$00000000) refers (Special) to libinit2.o(.ARM.Collect$$libinit$$00000011) for __rt_lib_init_lc_collate_1
    libinit.o(.ARM.Collect$$libinit$$00000000) refers (Special) to libinit2.o(.ARM.Collect$$libinit$$00000013) for __rt_lib_init_lc_ctype_1
    libinit.o(.ARM.Collect$$libinit$$00000000) refers (Special) to libinit2.o(.ARM.Collect$$libinit$$00000015) for __rt_lib_init_lc_monetary_1
    libinit.o(.ARM.Collect$$libinit$$00000000) refers (Special) to libinit2.o(.ARM.Collect$$libinit$$00000017) for __rt_lib_init_lc_numeric_1
    libinit.o(.ARM.Collect$$libinit$$00000000) refers (Special) to libinit2.o(.ARM.Collect$$libinit$$00000019) for __rt_lib_init_lc_time_1
    libinit.o(.ARM.Collect$$libinit$$00000000) refers (Special) to libinit2.o(.ARM.Collect$$libinit$$00000004) for __rt_lib_init_preinit_1
    libinit.o(.ARM.Collect$$libinit$$00000000) refers (Special) to libinit2.o(.ARM.Collect$$libinit$$0000000E) for __rt_lib_init_rand_1
    libinit.o(.ARM.Collect$$libinit$$00000000) refers (Special) to libinit2.o(.ARM.Collect$$libinit$$00000033) for __rt_lib_init_return
    libinit.o(.ARM.Collect$$libinit$$00000000) refers (Special) to libinit2.o(.ARM.Collect$$libinit$$0000001D) for __rt_lib_init_signal_1
    libinit.o(.ARM.Collect$$libinit$$00000000) refers (Special) to libinit2.o(.ARM.Collect$$libinit$$00000025) for __rt_lib_init_stdio_1
    libinit.o(.ARM.Collect$$libinit$$00000000) refers (Special) to libinit2.o(.ARM.Collect$$libinit$$0000000C) for __rt_lib_init_user_alloc_1
    libspace.o(.text) refers to libspace.o(.bss) for __libspace_start
    rtexit.o(.ARM.Collect$$rtexit$$00000000) refers (Special) to rtexit2.o(.ARM.Collect$$rtexit$$00000004) for __rt_exit_exit
    rtexit.o(.ARM.Collect$$rtexit$$00000000) refers (Special) to rtexit2.o(.ARM.Collect$$rtexit$$00000003) for __rt_exit_ls
    rtexit.o(.ARM.Collect$$rtexit$$00000000) refers (Special) to rtexit2.o(.ARM.Collect$$rtexit$$00000002) for __rt_exit_prels_1
    rtexit.o(.ARM.exidx) refers (Special) to rtexit2.o(.ARM.Collect$$rtexit$$00000004) for __rt_exit_exit
    rtexit.o(.ARM.exidx) refers (Special) to rtexit2.o(.ARM.Collect$$rtexit$$00000003) for __rt_exit_ls
    rtexit.o(.ARM.exidx) refers (Special) to rtexit2.o(.ARM.Collect$$rtexit$$00000002) for __rt_exit_prels_1
    rtexit.o(.ARM.exidx) refers to rtexit.o(.ARM.Collect$$rtexit$$00000000) for .ARM.Collect$$rtexit$$00000000
    libinit2.o(.ARM.Collect$$libinit$$00000010) refers to libinit2.o(.ARM.Collect$$libinit$$0000000F) for .ARM.Collect$$libinit$$0000000F
    libinit2.o(.ARM.Collect$$libinit$$00000012) refers to libinit2.o(.ARM.Collect$$libinit$$0000000F) for .ARM.Collect$$libinit$$0000000F
    libinit2.o(.ARM.Collect$$libinit$$00000014) refers to libinit2.o(.ARM.Collect$$libinit$$0000000F) for .ARM.Collect$$libinit$$0000000F
    libinit2.o(.ARM.Collect$$libinit$$00000016) refers to libinit2.o(.ARM.Collect$$libinit$$0000000F) for .ARM.Collect$$libinit$$0000000F
    libinit2.o(.ARM.Collect$$libinit$$00000018) refers to libinit2.o(.ARM.Collect$$libinit$$0000000F) for .ARM.Collect$$libinit$$0000000F
    libinit2.o(.ARM.Collect$$libinit$$00000026) refers to argv_veneer.o(.emb_text) for __ARM_argv_veneer
    libinit2.o(.ARM.Collect$$libinit$$00000027) refers to argv_veneer.o(.emb_text) for __ARM_argv_veneer
    rtexit2.o(.ARM.Collect$$rtexit$$00000003) refers to libshutdown.o(.ARM.Collect$$libshutdown$$00000000) for __rt_lib_shutdown
    rtexit2.o(.ARM.Collect$$rtexit$$00000004) refers to sys_exit.o(.text) for _sys_exit
    rtexit2.o(.ARM.exidx) refers to rtexit2.o(.ARM.Collect$$rtexit$$00000001) for .ARM.Collect$$rtexit$$00000001
    rtexit2.o(.ARM.exidx) refers to rtexit2.o(.ARM.Collect$$rtexit$$00000003) for .ARM.Collect$$rtexit$$00000003
    rtexit2.o(.ARM.exidx) refers to rtexit2.o(.ARM.Collect$$rtexit$$00000004) for .ARM.Collect$$rtexit$$00000004
    argv_veneer.o(.emb_text) refers to no_argv.o(.text) for __ARM_get_argv
    sys_exit.o(.text) refers (Special) to use_no_semi.o(.text) for __I$use$semihosting
    sys_exit.o(.text) refers (Special) to indicate_semi.o(.text) for __semihosting_library_function
    _get_argv_nomalloc.o(.text) refers (Special) to hrguard.o(.text) for __heap_region$guard
    _get_argv_nomalloc.o(.text) refers to defsig_rtmem_outer.o(.text) for __rt_SIGRTMEM
    _get_argv_nomalloc.o(.text) refers to sys_command.o(.text) for _sys_command_string
    libshutdown.o(.ARM.Collect$$libshutdown$$00000000) refers (Special) to libshutdown2.o(.ARM.Collect$$libshutdown$$00000006) for __rt_lib_shutdown_fp_trap_1
    libshutdown.o(.ARM.Collect$$libshutdown$$00000000) refers (Special) to libshutdown2.o(.ARM.Collect$$libshutdown$$0000000E) for __rt_lib_shutdown_heap_1
    libshutdown.o(.ARM.Collect$$libshutdown$$00000000) refers (Special) to libshutdown2.o(.ARM.Collect$$libshutdown$$0000000F) for __rt_lib_shutdown_return
    libshutdown.o(.ARM.Collect$$libshutdown$$00000000) refers (Special) to libshutdown2.o(.ARM.Collect$$libshutdown$$00000009) for __rt_lib_shutdown_signal_1
    libshutdown.o(.ARM.Collect$$libshutdown$$00000000) refers (Special) to libshutdown2.o(.ARM.Collect$$libshutdown$$00000003) for __rt_lib_shutdown_stdio_1
    libshutdown.o(.ARM.Collect$$libshutdown$$00000000) refers (Special) to libshutdown2.o(.ARM.Collect$$libshutdown$$0000000B) for __rt_lib_shutdown_user_alloc_1
    sys_command.o(.text) refers (Special) to use_no_semi.o(.text) for __I$use$semihosting
    sys_command.o(.text) refers (Special) to indicate_semi.o(.text) for __semihosting_library_function
    defsig_rtmem_outer.o(.text) refers to defsig_rtmem_inner.o(.text) for __rt_SIGRTMEM_inner
    defsig_rtmem_outer.o(.text) refers to defsig_exit.o(.text) for __sig_exit
    defsig_rtmem_formal.o(.text) refers to rt_raise.o(.text) for __rt_raise
    rt_raise.o(.text) refers to __raise.o(.text) for __raise
    rt_raise.o(.text) refers to sys_exit.o(.text) for _sys_exit
    defsig_exit.o(.text) refers to sys_exit.o(.text) for _sys_exit
    defsig_rtmem_inner.o(.text) refers to defsig_general.o(.text) for __default_signal_display
    __raise.o(.text) refers to defsig.o(CL$$defsig) for __default_signal_handler
    defsig_general.o(.text) refers to sys_wrch.o(.text) for _ttywrch
    sys_wrch.o(.text) refers (Special) to use_no_semi.o(.text) for __I$use$semihosting
    sys_wrch.o(.text) refers (Special) to indicate_semi.o(.text) for __semihosting_library_function
    defsig.o(CL$$defsig) refers to defsig_rtmem_inner.o(.text) for __rt_SIGRTMEM_inner
    defsig_abrt_inner.o(.text) refers to defsig_general.o(.text) for __default_signal_display
    defsig_fpe_inner.o(.text) refers to defsig_general.o(.text) for __default_signal_display
    defsig_rtred_inner.o(.text) refers to defsig_general.o(.text) for __default_signal_display
    defsig_stak_inner.o(.text) refers to defsig_general.o(.text) for __default_signal_display
    defsig_pvfn_inner.o(.text) refers to defsig_general.o(.text) for __default_signal_display
    defsig_cppl_inner.o(.text) refers to defsig_general.o(.text) for __default_signal_display
    defsig_segv_inner.o(.text) refers to defsig_general.o(.text) for __default_signal_display
    defsig_other.o(.text) refers to defsig_general.o(.text) for __default_signal_display


==============================================================================

Removing Unused input sections from the image.

    Removing main.o(.rev16_text), (4 bytes).
    Removing main.o(.revsh_text), (4 bytes).
    Removing main.o(.rrx_text), (6 bytes).
    Removing switch.o(.rev16_text), (4 bytes).
    Removing switch.o(.revsh_text), (4 bytes).
    Removing switch.o(.rrx_text), (6 bytes).
    Removing switch.o(i.TaskSchedDisable), (40 bytes).
    Removing switch.o(i.TaskSchedEnable), (44 bytes).
    Removing switch.o(i.TimeTaskRemove), (20 bytes).
    Removing tlist.o(i.ListAddFirst), (24 bytes).
    Removing tlist.o(i.ListInsertAfter), (20 bytes).
    Removing tlist.o(i.ListLast), (12 bytes).
    Removing tlist.o(i.ListNext), (16 bytes).
    Removing tlist.o(i.ListPre), (16 bytes).
    Removing tlist.o(i.ListRemoveAll), (32 bytes).
    Removing cup.o(.rev16_text), (4 bytes).
    Removing cup.o(.revsh_text), (4 bytes).
    Removing cup.o(.rrx_text), (6 bytes).
    Removing task.o(i.TaskDeleteSelf), (56 bytes).
    Removing task.o(i.TaskForceDelete), (76 bytes).
    Removing task.o(i.TaskGetInfo), (40 bytes).
    Removing task.o(i.TaskIsRequestedDelete), (32 bytes).
    Removing task.o(i.TaskRequestDelete), (24 bytes).
    Removing task.o(i.TaskSetCleanCallFunc), (6 bytes).
    Removing task.o(i.TaskSuspend), (68 bytes).
    Removing task.o(i.TaskWakeUp), (52 bytes).
    Removing event.o(i.EventWakeUp), (76 bytes).
    Removing system_armcm3.o(.rev16_text), (4 bytes).
    Removing system_armcm3.o(.revsh_text), (4 bytes).
    Removing system_armcm3.o(.rrx_text), (6 bytes).
    Removing system_armcm3.o(i.SystemCoreClockUpdate), (16 bytes).

31 unused section(s) (total 726 bytes) removed from the image.

==============================================================================

Image Symbol Table

    Local Symbols

    Symbol Name                              Value     Ov Type        Size  Object(Section)

    RESET                                    0x00000000   Section      192  startup_armcm3.o(RESET)
    ../clib/angel/boardlib.s                 0x00000000   Number         0  boardinit3.o ABSOLUTE
    ../clib/angel/boardlib.s                 0x00000000   Number         0  boardinit2.o ABSOLUTE
    ../clib/angel/boardlib.s                 0x00000000   Number         0  boardinit1.o ABSOLUTE
    ../clib/angel/boardlib.s                 0x00000000   Number         0  boardshut.o ABSOLUTE
    ../clib/angel/handlers.s                 0x00000000   Number         0  __scatter_zi.o ABSOLUTE
    ../clib/angel/handlers.s                 0x00000000   Number         0  __scatter_copy.o ABSOLUTE
    ../clib/angel/kernel.s                   0x00000000   Number         0  rtexit.o ABSOLUTE
    ../clib/angel/kernel.s                   0x00000000   Number         0  __rtentry4.o ABSOLUTE
    ../clib/angel/kernel.s                   0x00000000   Number         0  __rtentry.o ABSOLUTE
    ../clib/angel/kernel.s                   0x00000000   Number         0  __rtentry2.o ABSOLUTE
    ../clib/angel/kernel.s                   0x00000000   Number         0  rtexit2.o ABSOLUTE
    ../clib/angel/rt.s                       0x00000000   Number         0  rt_raise.o ABSOLUTE
    ../clib/angel/scatter.s                  0x00000000   Number         0  __scatter.o ABSOLUTE
    ../clib/angel/startup.s                  0x00000000   Number         0  __main.o ABSOLUTE
    ../clib/angel/sys.s                      0x00000000   Number         0  libspace.o ABSOLUTE
    ../clib/angel/sys.s                      0x00000000   Number         0  sys_stackheap_outer.o ABSOLUTE
    ../clib/angel/sys.s                      0x00000000   Number         0  indicate_semi.o ABSOLUTE
    ../clib/angel/sys.s                      0x00000000   Number         0  use_no_semi.o ABSOLUTE
    ../clib/angel/sysapp.c                   0x00000000   Number         0  sys_wrch.o ABSOLUTE
    ../clib/angel/sysapp.c                   0x00000000   Number         0  sys_exit.o ABSOLUTE
    ../clib/angel/sysapp.c                   0x00000000   Number         0  sys_command.o ABSOLUTE
    ../clib/armsys.c                         0x00000000   Number         0  argv_veneer.o ABSOLUTE
    ../clib/armsys.c                         0x00000000   Number         0  argv_veneer.o ABSOLUTE
    ../clib/armsys.c                         0x00000000   Number         0  no_argv.o ABSOLUTE
    ../clib/armsys.c                         0x00000000   Number         0  _get_argv_nomalloc.o ABSOLUTE
    ../clib/heapalloc.c                      0x00000000   Number         0  hrguard.o ABSOLUTE
    ../clib/heapaux.c                        0x00000000   Number         0  heapauxi.o ABSOLUTE
    ../clib/libinit.s                        0x00000000   Number         0  libinit2.o ABSOLUTE
    ../clib/libinit.s                        0x00000000   Number         0  libinit.o ABSOLUTE
    ../clib/libinit.s                        0x00000000   Number         0  libshutdown2.o ABSOLUTE
    ../clib/libinit.s                        0x00000000   Number         0  libshutdown.o ABSOLUTE
    ../clib/signal.c                         0x00000000   Number         0  defsig_rtmem_formal.o ABSOLUTE
    ../clib/signal.c                         0x00000000   Number         0  defsig_abrt_inner.o ABSOLUTE
    ../clib/signal.c                         0x00000000   Number         0  defsig_fpe_inner.o ABSOLUTE
    ../clib/signal.c                         0x00000000   Number         0  defsig_rtred_inner.o ABSOLUTE
    ../clib/signal.c                         0x00000000   Number         0  defsig_stak_inner.o ABSOLUTE
    ../clib/signal.c                         0x00000000   Number         0  defsig_pvfn_inner.o ABSOLUTE
    ../clib/signal.c                         0x00000000   Number         0  defsig_cppl_inner.o ABSOLUTE
    ../clib/signal.c                         0x00000000   Number         0  defsig_exit.o ABSOLUTE
    ../clib/signal.c                         0x00000000   Number         0  defsig_rtmem_inner.o ABSOLUTE
    ../clib/signal.c                         0x00000000   Number         0  __raise.o ABSOLUTE
    ../clib/signal.c                         0x00000000   Number         0  defsig_general.o ABSOLUTE
    ../clib/signal.c                         0x00000000   Number         0  defsig_segv_inner.o ABSOLUTE
    ../clib/signal.c                         0x00000000   Number         0  defsig_other.o ABSOLUTE
    ../clib/signal.c                         0x00000000   Number         0  defsig_rtmem_outer.o ABSOLUTE
    ../clib/signal.s                         0x00000000   Number         0  defsig.o ABSOLUTE
    ../clib/stdlib.c                         0x00000000   Number         0  exit.o ABSOLUTE
    ../fplib/fpinit.s                        0x00000000   Number         0  fpinit.o ABSOLUTE
    ..\\src\\cup.c                           0x00000000   Number         0  cup.o ABSOLUTE
    ..\\src\\main.c                          0x00000000   Number         0  main.o ABSOLUTE
    ..\\src\\switch.c                        0x00000000   Number         0  switch.o ABSOLUTE
    ..\src\app.c                             0x00000000   Number         0  app.o ABSOLUTE
    ..\src\cup.c                             0x00000000   Number         0  cup.o ABSOLUTE
    ..\src\event.c                           0x00000000   Number         0  event.o ABSOLUTE
    ..\src\main.c                            0x00000000   Number         0  main.o ABSOLUTE
    ..\src\switch.c                          0x00000000   Number         0  switch.o ABSOLUTE
    ..\src\tBitmap.c                         0x00000000   Number         0  tbitmap.o ABSOLUTE
    ..\src\tList.c                           0x00000000   Number         0  tlist.o ABSOLUTE
    ..\src\task.c                            0x00000000   Number         0  task.o ABSOLUTE
    ..\src\time.c                            0x00000000   Number         0  time.o ABSOLUTE
    RTE\Device\ARMCM3\startup_ARMCM3.s       0x00000000   Number         0  startup_armcm3.o ABSOLUTE
    RTE\Device\ARMCM3\system_ARMCM3.c        0x00000000   Number         0  system_armcm3.o ABSOLUTE
    RTE\\Device\\ARMCM3\\system_ARMCM3.c     0x00000000   Number         0  system_armcm3.o ABSOLUTE
    dc.s                                     0x00000000   Number         0  dc.o ABSOLUTE
    !!!main                                  0x000000c0   Section        8  __main.o(!!!main)
    !!!scatter                               0x000000c8   Section       52  __scatter.o(!!!scatter)
    !!handler_copy                           0x000000fc   Section       26  __scatter_copy.o(!!handler_copy)
    !!handler_zi                             0x00000118   Section       28  __scatter_zi.o(!!handler_zi)
    .ARM.Collect$$libinit$$00000000          0x00000134   Section        2  libinit.o(.ARM.Collect$$libinit$$00000000)
    .ARM.Collect$$libinit$$00000002          0x00000136   Section        0  libinit2.o(.ARM.Collect$$libinit$$00000002)
    .ARM.Collect$$libinit$$00000004          0x00000136   Section        0  libinit2.o(.ARM.Collect$$libinit$$00000004)
    .ARM.Collect$$libinit$$0000000A          0x00000136   Section        0  libinit2.o(.ARM.Collect$$libinit$$0000000A)
    .ARM.Collect$$libinit$$0000000C          0x00000136   Section        0  libinit2.o(.ARM.Collect$$libinit$$0000000C)
    .ARM.Collect$$libinit$$0000000E          0x00000136   Section        0  libinit2.o(.ARM.Collect$$libinit$$0000000E)
    .ARM.Collect$$libinit$$00000011          0x00000136   Section        0  libinit2.o(.ARM.Collect$$libinit$$00000011)
    .ARM.Collect$$libinit$$00000013          0x00000136   Section        0  libinit2.o(.ARM.Collect$$libinit$$00000013)
    .ARM.Collect$$libinit$$00000015          0x00000136   Section        0  libinit2.o(.ARM.Collect$$libinit$$00000015)
    .ARM.Collect$$libinit$$00000017          0x00000136   Section        0  libinit2.o(.ARM.Collect$$libinit$$00000017)
    .ARM.Collect$$libinit$$00000019          0x00000136   Section        0  libinit2.o(.ARM.Collect$$libinit$$00000019)
    .ARM.Collect$$libinit$$0000001B          0x00000136   Section        0  libinit2.o(.ARM.Collect$$libinit$$0000001B)
    .ARM.Collect$$libinit$$0000001D          0x00000136   Section        0  libinit2.o(.ARM.Collect$$libinit$$0000001D)
    .ARM.Collect$$libinit$$0000001F          0x00000136   Section        0  libinit2.o(.ARM.Collect$$libinit$$0000001F)
    .ARM.Collect$$libinit$$00000021          0x00000136   Section        0  libinit2.o(.ARM.Collect$$libinit$$00000021)
    .ARM.Collect$$libinit$$00000023          0x00000136   Section        0  libinit2.o(.ARM.Collect$$libinit$$00000023)
    .ARM.Collect$$libinit$$00000025          0x00000136   Section        0  libinit2.o(.ARM.Collect$$libinit$$00000025)
    .ARM.Collect$$libinit$$0000002C          0x00000136   Section        0  libinit2.o(.ARM.Collect$$libinit$$0000002C)
    .ARM.Collect$$libinit$$0000002E          0x00000136   Section        0  libinit2.o(.ARM.Collect$$libinit$$0000002E)
    .ARM.Collect$$libinit$$00000030          0x00000136   Section        0  libinit2.o(.ARM.Collect$$libinit$$00000030)
    .ARM.Collect$$libinit$$00000032          0x00000136   Section        0  libinit2.o(.ARM.Collect$$libinit$$00000032)
    .ARM.Collect$$libinit$$00000033          0x00000136   Section        2  libinit2.o(.ARM.Collect$$libinit$$00000033)
    .ARM.Collect$$libshutdown$$00000000      0x00000138   Section        2  libshutdown.o(.ARM.Collect$$libshutdown$$00000000)
    .ARM.Collect$$libshutdown$$00000003      0x0000013a   Section        0  libshutdown2.o(.ARM.Collect$$libshutdown$$00000003)
    .ARM.Collect$$libshutdown$$00000006      0x0000013a   Section        0  libshutdown2.o(.ARM.Collect$$libshutdown$$00000006)
    .ARM.Collect$$libshutdown$$00000009      0x0000013a   Section        0  libshutdown2.o(.ARM.Collect$$libshutdown$$00000009)
    .ARM.Collect$$libshutdown$$0000000B      0x0000013a   Section        0  libshutdown2.o(.ARM.Collect$$libshutdown$$0000000B)
    .ARM.Collect$$libshutdown$$0000000E      0x0000013a   Section        0  libshutdown2.o(.ARM.Collect$$libshutdown$$0000000E)
    .ARM.Collect$$libshutdown$$0000000F      0x0000013a   Section        2  libshutdown2.o(.ARM.Collect$$libshutdown$$0000000F)
    .ARM.Collect$$rtentry$$00000000          0x0000013c   Section        0  __rtentry.o(.ARM.Collect$$rtentry$$00000000)
    .ARM.Collect$$rtentry$$00000002          0x0000013c   Section        0  __rtentry2.o(.ARM.Collect$$rtentry$$00000002)
    .ARM.Collect$$rtentry$$00000004          0x0000013c   Section        6  __rtentry4.o(.ARM.Collect$$rtentry$$00000004)
    .ARM.Collect$$rtentry$$00000009          0x00000142   Section        0  __rtentry2.o(.ARM.Collect$$rtentry$$00000009)
    .ARM.Collect$$rtentry$$0000000A          0x00000142   Section        4  __rtentry2.o(.ARM.Collect$$rtentry$$0000000A)
    .ARM.Collect$$rtentry$$0000000C          0x00000146   Section        0  __rtentry2.o(.ARM.Collect$$rtentry$$0000000C)
    .ARM.Collect$$rtentry$$0000000D          0x00000146   Section        8  __rtentry2.o(.ARM.Collect$$rtentry$$0000000D)
    .ARM.Collect$$rtexit$$00000000           0x0000014e   Section        2  rtexit.o(.ARM.Collect$$rtexit$$00000000)
    .ARM.Collect$$rtexit$$00000002           0x00000150   Section        0  rtexit2.o(.ARM.Collect$$rtexit$$00000002)
    .ARM.Collect$$rtexit$$00000003           0x00000150   Section        4  rtexit2.o(.ARM.Collect$$rtexit$$00000003)
    .ARM.Collect$$rtexit$$00000004           0x00000154   Section        6  rtexit2.o(.ARM.Collect$$rtexit$$00000004)
    .emb_text                                0x0000015c   Section       48  switch.o(.emb_text)
    .text                                    0x0000018c   Section       64  startup_armcm3.o(.text)
    .text                                    0x000001cc   Section        0  heapauxi.o(.text)
    .text                                    0x000001d2   Section       74  sys_stackheap_outer.o(.text)
    .text                                    0x0000021c   Section        0  exit.o(.text)
    .text                                    0x00000228   Section        8  libspace.o(.text)
    .text                                    0x00000230   Section        0  sys_exit.o(.text)
    .text                                    0x0000023c   Section        2  use_no_semi.o(.text)
    .text                                    0x0000023e   Section        0  indicate_semi.o(.text)
    i.BitmapClear                            0x0000023e   Section        0  tbitmap.o(i.BitmapClear)
    i.BitmapGetFirstSet                      0x0000024c   Section        0  tbitmap.o(i.BitmapGetFirstSet)
    i.BitmapInit                             0x000002a8   Section        0  tbitmap.o(i.BitmapInit)
    i.BitmapPosCount                         0x000002ae   Section        0  tbitmap.o(i.BitmapPosCount)
    i.BitmapSet                              0x000002b2   Section        0  tbitmap.o(i.BitmapSet)
    i.EventInit                              0x000002be   Section        0  event.o(i.EventInit)
    i.EventRemoveAll                         0x000002ce   Section        0  event.o(i.EventRemoveAll)
    i.EventRemoveTask                        0x00000322   Section        0  event.o(i.EventRemoveTask)
    i.EventWait                              0x00000356   Section        0  event.o(i.EventWait)
    i.EventWaitCount                         0x000003a0   Section        0  event.o(i.EventWaitCount)
    i.InitApp                                0x000003c0   Section        0  app.o(i.InitApp)
    i.ListAddLast                            0x00000434   Section        0  tlist.o(i.ListAddLast)
    i.ListCount                              0x0000044c   Section        0  tlist.o(i.ListCount)
    i.ListFirst                              0x00000452   Section        0  tlist.o(i.ListFirst)
    i.ListInit                               0x0000045e   Section        0  tlist.o(i.ListInit)
    i.ListRemove                             0x00000468   Section        0  tlist.o(i.ListRemove)
    i.ListRemoveFirst                        0x0000047c   Section        0  tlist.o(i.ListRemoveFirst)
    i.NodeInit                               0x00000498   Section        0  tlist.o(i.NodeInit)
    i.SetSysTickPeriod                       0x000004a0   Section        0  cup.o(i.SetSysTickPeriod)
    i.SysTick_Handler                        0x000004f8   Section        0  cup.o(i.SysTick_Handler)
    i.SystemInit                             0x00000500   Section        0  system_armcm3.o(i.SystemInit)
    i.TaskDelayInit                          0x00000510   Section        0  switch.o(i.TaskDelayInit)
    i.TaskEnterCritical                      0x00000520   Section        0  switch.o(i.TaskEnterCritical)
    i.TaskExitCritical                       0x0000052c   Section        0  switch.o(i.TaskExitCritical)
    i.TaskHighestReady                       0x00000538   Section        0  switch.o(i.TaskHighestReady)
    i.TaskInit                               0x00000560   Section        0  task.o(i.TaskInit)
    i.TaskRunFirst                           0x00000624   Section        0  switch.o(i.TaskRunFirst)
    i.TaskSched                              0x00000634   Section        0  switch.o(i.TaskSched)
    i.TaskSchedInit                          0x00000678   Section        0  switch.o(i.TaskSchedInit)
    i.TaskSchedRdy                           0x000006b0   Section        0  switch.o(i.TaskSchedRdy)
    i.TaskSchedUnRdy                         0x000006d8   Section        0  switch.o(i.TaskSchedUnRdy)
    i.TaskSwitch                             0x00000714   Section        0  switch.o(i.TaskSwitch)
    i.TaskSysTickHandler                     0x0000071c   Section        0  switch.o(i.TaskSysTickHandler)
    i.TimeTaskWait                           0x000007cc   Section        0  switch.o(i.TimeTaskWait)
    i.TimeTaskWakeUp                         0x000007ec   Section        0  switch.o(i.TimeTaskWakeUp)
    i.idleTaskEntry                          0x00000808   Section        0  main.o(i.idleTaskEntry)
    i.main                                   0x0000080c   Section        0  main.o(i.main)
    i.task1Entry                             0x0000084c   Section        0  app.o(i.task1Entry)
    i.task2Entry                             0x0000089c   Section        0  app.o(i.task2Entry)
    i.task3Entry                             0x000008dc   Section        0  app.o(i.task3Entry)
    i.task4Entry                             0x0000091c   Section        0  app.o(i.task4Entry)
    i.taskDelay                              0x0000095c   Section        0  time.o(i.taskDelay)
    i.triggerPendSVC                         0x00000988   Section        0  switch.o(i.triggerPendSVC)
    triggerPendSVC                           0x00000989   Thumb Code    16  switch.o(i.triggerPendSVC)
    .constdata                               0x0000099c   Section      256  tbitmap.o(.constdata)
    quickFindTable                           0x0000099c   Data         256  tbitmap.o(.constdata)
    .data                                    0x20000000   Section       16  switch.o(.data)
    schedLockCount                           0x2000000c   Data           4  switch.o(.data)
    .data                                    0x20000010   Section       16  app.o(.data)
    .data                                    0x20000020   Section        4  system_armcm3.o(.data)
    .bss                                     0x20000024   Section     4160  main.o(.bss)
    .bss                                     0x20001064   Section      396  switch.o(.bss)
    .bss                                     0x200011f0   Section    16656  app.o(.bss)
    .bss                                     0x20005300   Section       96  libspace.o(.bss)
    HEAP                                     0x20005360   Section     3072  startup_armcm3.o(HEAP)
    Heap_Mem                                 0x20005360   Data        3072  startup_armcm3.o(HEAP)
    STACK                                    0x20005f60   Section     1024  startup_armcm3.o(STACK)
    Stack_Mem                                0x20005f60   Data        1024  startup_armcm3.o(STACK)
    __initial_sp                             0x20006360   Data           0  startup_armcm3.o(STACK)

    Global Symbols

    Symbol Name                              Value     Ov Type        Size  Object(Section)

    BuildAttributes$$THM_ISAv4$P$D$K$B$S$PE$A:L22UL41UL21$X:L11$S22US41US21$IEEE1$IW$USESV6$~STKCKD$USESV7$~SHL$OSPACE$ROPI$EBA8$UX$STANDARDLIB$REQ8$PRES8$EABIv2 0x00000000   Number         0  anon$$obj.o ABSOLUTE
    __ARM_use_no_argv                        0x00000000   Number         0  main.o ABSOLUTE
    __Vectors                                0x00000000   Data           4  startup_armcm3.o(RESET)
    __ARM_exceptions_init                     - Undefined Weak Reference
    __alloca_initialize                       - Undefined Weak Reference
    __arm_preinit_                            - Undefined Weak Reference
    __cpp_initialize__aeabi_                  - Undefined Weak Reference
    __cxa_finalize                            - Undefined Weak Reference
    __rt_locale                               - Undefined Weak Reference
    __sigvec_lookup                           - Undefined Weak Reference
    _atexit_init                              - Undefined Weak Reference
    _call_atexit_fns                          - Undefined Weak Reference
    _clock_init                               - Undefined Weak Reference
    _fp_trap_init                             - Undefined Weak Reference
    _fp_trap_shutdown                         - Undefined Weak Reference
    _get_lc_collate                           - Undefined Weak Reference
    _get_lc_ctype                             - Undefined Weak Reference
    _get_lc_monetary                          - Undefined Weak Reference
    _get_lc_numeric                           - Undefined Weak Reference
    _get_lc_time                              - Undefined Weak Reference
    _getenv_init                              - Undefined Weak Reference
    _handle_redirection                       - Undefined Weak Reference
    _init_alloc                               - Undefined Weak Reference
    _init_user_alloc                          - Undefined Weak Reference
    _initio                                   - Undefined Weak Reference
    _rand_init                                - Undefined Weak Reference
    _signal_finish                            - Undefined Weak Reference
    _signal_init                              - Undefined Weak Reference
    _terminate_alloc                          - Undefined Weak Reference
    _terminate_user_alloc                     - Undefined Weak Reference
    _terminateio                              - Undefined Weak Reference
    __Vectors_End                            0x000000c0   Data           0  startup_armcm3.o(RESET)
    __Vectors_Size                           0x000000c0   Number         0  startup_armcm3.o ABSOLUTE
    __main                                   0x000000c1   Thumb Code     8  __main.o(!!!main)
    __scatterload                            0x000000c9   Thumb Code     0  __scatter.o(!!!scatter)
    __scatterload_rt2                        0x000000c9   Thumb Code    44  __scatter.o(!!!scatter)
    __scatterload_rt2_thumb_only             0x000000c9   Thumb Code     0  __scatter.o(!!!scatter)
    __scatterload_null                       0x000000d7   Thumb Code     0  __scatter.o(!!!scatter)
    __scatterload_copy                       0x000000fd   Thumb Code    26  __scatter_copy.o(!!handler_copy)
    __scatterload_zeroinit                   0x00000119   Thumb Code    28  __scatter_zi.o(!!handler_zi)
    __rt_lib_init                            0x00000135   Thumb Code     0  libinit.o(.ARM.Collect$$libinit$$00000000)
    __rt_lib_init_alloca_1                   0x00000137   Thumb Code     0  libinit2.o(.ARM.Collect$$libinit$$0000002E)
    __rt_lib_init_argv_1                     0x00000137   Thumb Code     0  libinit2.o(.ARM.Collect$$libinit$$0000002C)
    __rt_lib_init_atexit_1                   0x00000137   Thumb Code     0  libinit2.o(.ARM.Collect$$libinit$$0000001B)
    __rt_lib_init_clock_1                    0x00000137   Thumb Code     0  libinit2.o(.ARM.Collect$$libinit$$00000021)
    __rt_lib_init_cpp_1                      0x00000137   Thumb Code     0  libinit2.o(.ARM.Collect$$libinit$$00000032)
    __rt_lib_init_exceptions_1               0x00000137   Thumb Code     0  libinit2.o(.ARM.Collect$$libinit$$00000030)
    __rt_lib_init_fp_1                       0x00000137   Thumb Code     0  libinit2.o(.ARM.Collect$$libinit$$00000002)
    __rt_lib_init_fp_trap_1                  0x00000137   Thumb Code     0  libinit2.o(.ARM.Collect$$libinit$$0000001F)
    __rt_lib_init_getenv_1                   0x00000137   Thumb Code     0  libinit2.o(.ARM.Collect$$libinit$$00000023)
    __rt_lib_init_heap_1                     0x00000137   Thumb Code     0  libinit2.o(.ARM.Collect$$libinit$$0000000A)
    __rt_lib_init_lc_collate_1               0x00000137   Thumb Code     0  libinit2.o(.ARM.Collect$$libinit$$00000011)
    __rt_lib_init_lc_ctype_1                 0x00000137   Thumb Code     0  libinit2.o(.ARM.Collect$$libinit$$00000013)
    __rt_lib_init_lc_monetary_1              0x00000137   Thumb Code     0  libinit2.o(.ARM.Collect$$libinit$$00000015)
    __rt_lib_init_lc_numeric_1               0x00000137   Thumb Code     0  libinit2.o(.ARM.Collect$$libinit$$00000017)
    __rt_lib_init_lc_time_1                  0x00000137   Thumb Code     0  libinit2.o(.ARM.Collect$$libinit$$00000019)
    __rt_lib_init_preinit_1                  0x00000137   Thumb Code     0  libinit2.o(.ARM.Collect$$libinit$$00000004)
    __rt_lib_init_rand_1                     0x00000137   Thumb Code     0  libinit2.o(.ARM.Collect$$libinit$$0000000E)
    __rt_lib_init_return                     0x00000137   Thumb Code     0  libinit2.o(.ARM.Collect$$libinit$$00000033)
    __rt_lib_init_signal_1                   0x00000137   Thumb Code     0  libinit2.o(.ARM.Collect$$libinit$$0000001D)
    __rt_lib_init_stdio_1                    0x00000137   Thumb Code     0  libinit2.o(.ARM.Collect$$libinit$$00000025)
    __rt_lib_init_user_alloc_1               0x00000137   Thumb Code     0  libinit2.o(.ARM.Collect$$libinit$$0000000C)
    __rt_lib_shutdown                        0x00000139   Thumb Code     0  libshutdown.o(.ARM.Collect$$libshutdown$$00000000)
    __rt_lib_shutdown_fp_trap_1              0x0000013b   Thumb Code     0  libshutdown2.o(.ARM.Collect$$libshutdown$$00000006)
    __rt_lib_shutdown_heap_1                 0x0000013b   Thumb Code     0  libshutdown2.o(.ARM.Collect$$libshutdown$$0000000E)
    __rt_lib_shutdown_return                 0x0000013b   Thumb Code     0  libshutdown2.o(.ARM.Collect$$libshutdown$$0000000F)
    __rt_lib_shutdown_signal_1               0x0000013b   Thumb Code     0  libshutdown2.o(.ARM.Collect$$libshutdown$$00000009)
    __rt_lib_shutdown_stdio_1                0x0000013b   Thumb Code     0  libshutdown2.o(.ARM.Collect$$libshutdown$$00000003)
    __rt_lib_shutdown_user_alloc_1           0x0000013b   Thumb Code     0  libshutdown2.o(.ARM.Collect$$libshutdown$$0000000B)
    __rt_entry                               0x0000013d   Thumb Code     0  __rtentry.o(.ARM.Collect$$rtentry$$00000000)
    __rt_entry_presh_1                       0x0000013d   Thumb Code     0  __rtentry2.o(.ARM.Collect$$rtentry$$00000002)
    __rt_entry_sh                            0x0000013d   Thumb Code     0  __rtentry4.o(.ARM.Collect$$rtentry$$00000004)
    __rt_entry_li                            0x00000143   Thumb Code     0  __rtentry2.o(.ARM.Collect$$rtentry$$0000000A)
    __rt_entry_postsh_1                      0x00000143   Thumb Code     0  __rtentry2.o(.ARM.Collect$$rtentry$$00000009)
    __rt_entry_main                          0x00000147   Thumb Code     0  __rtentry2.o(.ARM.Collect$$rtentry$$0000000D)
    __rt_entry_postli_1                      0x00000147   Thumb Code     0  __rtentry2.o(.ARM.Collect$$rtentry$$0000000C)
    __rt_exit                                0x0000014f   Thumb Code     0  rtexit.o(.ARM.Collect$$rtexit$$00000000)
    __rt_exit_ls                             0x00000151   Thumb Code     0  rtexit2.o(.ARM.Collect$$rtexit$$00000003)
    __rt_exit_prels_1                        0x00000151   Thumb Code     0  rtexit2.o(.ARM.Collect$$rtexit$$00000002)
    __rt_exit_exit                           0x00000155   Thumb Code     0  rtexit2.o(.ARM.Collect$$rtexit$$00000004)
    PendSV_Handler                           0x0000015d   Thumb Code    40  switch.o(.emb_text)
    Reset_Handler                            0x0000018d   Thumb Code     8  startup_armcm3.o(.text)
    NMI_Handler                              0x00000195   Thumb Code     2  startup_armcm3.o(.text)
    HardFault_Handler                        0x00000197   Thumb Code     2  startup_armcm3.o(.text)
    MemManage_Handler                        0x00000199   Thumb Code     2  startup_armcm3.o(.text)
    BusFault_Handler                         0x0000019b   Thumb Code     2  startup_armcm3.o(.text)
    UsageFault_Handler                       0x0000019d   Thumb Code     2  startup_armcm3.o(.text)
    SVC_Handler                              0x0000019f   Thumb Code     2  startup_armcm3.o(.text)
    DebugMon_Handler                         0x000001a1   Thumb Code     2  startup_armcm3.o(.text)
    AACI_IRQHandler                          0x000001a7   Thumb Code     0  startup_armcm3.o(.text)
    CAN_IRQHandler                           0x000001a7   Thumb Code     0  startup_armcm3.o(.text)
    CHLCD_IRQHandler                         0x000001a7   Thumb Code     0  startup_armcm3.o(.text)
    CLCD_IRQHandler                          0x000001a7   Thumb Code     0  startup_armcm3.o(.text)
    CPU_CLCD_IRQHandler                      0x000001a7   Thumb Code     0  startup_armcm3.o(.text)
    ENET_IRQHandler                          0x000001a7   Thumb Code     0  startup_armcm3.o(.text)
    FLEXRAY_IRQHandler                       0x000001a7   Thumb Code     0  startup_armcm3.o(.text)
    I2C_IRQHandler                           0x000001a7   Thumb Code     0  startup_armcm3.o(.text)
    LIN_IRQHandler                           0x000001a7   Thumb Code     0  startup_armcm3.o(.text)
    MCIA_IRQHandler                          0x000001a7   Thumb Code     0  startup_armcm3.o(.text)
    MCIB_IRQHandler                          0x000001a7   Thumb Code     0  startup_armcm3.o(.text)
    RTC_IRQHandler                           0x000001a7   Thumb Code     0  startup_armcm3.o(.text)
    SPI_IRQHandler                           0x000001a7   Thumb Code     0  startup_armcm3.o(.text)
    TIM0_IRQHandler                          0x000001a7   Thumb Code     0  startup_armcm3.o(.text)
    TIM2_IRQHandler                          0x000001a7   Thumb Code     0  startup_armcm3.o(.text)
    UART0_IRQHandler                         0x000001a7   Thumb Code     0  startup_armcm3.o(.text)
    UART1_IRQHandler                         0x000001a7   Thumb Code     0  startup_armcm3.o(.text)
    UART2_IRQHandler                         0x000001a7   Thumb Code     0  startup_armcm3.o(.text)
    UART3_IRQHandler                         0x000001a7   Thumb Code     0  startup_armcm3.o(.text)
    UART4_IRQHandler                         0x000001a7   Thumb Code     0  startup_armcm3.o(.text)
    USBDC_IRQHandler                         0x000001a7   Thumb Code     0  startup_armcm3.o(.text)
    USBHC_IRQHandler                         0x000001a7   Thumb Code     0  startup_armcm3.o(.text)
    WDT_IRQHandler                           0x000001a7   Thumb Code     0  startup_armcm3.o(.text)
    __user_initial_stackheap                 0x000001a9   Thumb Code    10  startup_armcm3.o(.text)
    __use_two_region_memory                  0x000001cd   Thumb Code     2  heapauxi.o(.text)
    __rt_heap_escrow$2region                 0x000001cf   Thumb Code     2  heapauxi.o(.text)
    __rt_heap_expand$2region                 0x000001d1   Thumb Code     2  heapauxi.o(.text)
    __user_setup_stackheap                   0x000001d3   Thumb Code    74  sys_stackheap_outer.o(.text)
    exit                                     0x0000021d   Thumb Code    12  exit.o(.text)
    __user_libspace                          0x00000229   Thumb Code     8  libspace.o(.text)
    __user_perproc_libspace                  0x00000229   Thumb Code     0  libspace.o(.text)
    __user_perthread_libspace                0x00000229   Thumb Code     0  libspace.o(.text)
    _sys_exit                                0x00000231   Thumb Code     8  sys_exit.o(.text)
    __I$use$semihosting                      0x0000023d   Thumb Code     0  use_no_semi.o(.text)
    __use_no_semihosting_swi                 0x0000023d   Thumb Code     2  use_no_semi.o(.text)
    BitmapClear                              0x0000023f   Thumb Code    12  tbitmap.o(i.BitmapClear)
    __semihosting_library_function           0x0000023f   Thumb Code     0  indicate_semi.o(.text)
    BitmapGetFirstSet                        0x0000024d   Thumb Code    86  tbitmap.o(i.BitmapGetFirstSet)
    BitmapInit                               0x000002a9   Thumb Code     6  tbitmap.o(i.BitmapInit)
    BitmapPosCount                           0x000002af   Thumb Code     4  tbitmap.o(i.BitmapPosCount)
    BitmapSet                                0x000002b3   Thumb Code    12  tbitmap.o(i.BitmapSet)
    EventInit                                0x000002bf   Thumb Code    16  event.o(i.EventInit)
    EventRemoveAll                           0x000002cf   Thumb Code    84  event.o(i.EventRemoveAll)
    EventRemoveTask                          0x00000323   Thumb Code    52  event.o(i.EventRemoveTask)
    EventWait                                0x00000357   Thumb Code    74  event.o(i.EventWait)
    EventWaitCount                           0x000003a1   Thumb Code    30  event.o(i.EventWaitCount)
    InitApp                                  0x000003c1   Thumb Code    68  app.o(i.InitApp)
    ListAddLast                              0x00000435   Thumb Code    24  tlist.o(i.ListAddLast)
    ListCount                                0x0000044d   Thumb Code     6  tlist.o(i.ListCount)
    ListFirst                                0x00000453   Thumb Code    12  tlist.o(i.ListFirst)
    ListInit                                 0x0000045f   Thumb Code    10  tlist.o(i.ListInit)
    ListRemove                               0x00000469   Thumb Code    20  tlist.o(i.ListRemove)
    ListRemoveFirst                          0x0000047d   Thumb Code    28  tlist.o(i.ListRemoveFirst)
    NodeInit                                 0x00000499   Thumb Code     6  tlist.o(i.NodeInit)
    SetSysTickPeriod                         0x000004a1   Thumb Code    74  cup.o(i.SetSysTickPeriod)
    SysTick_Handler                          0x000004f9   Thumb Code     8  cup.o(i.SysTick_Handler)
    SystemInit                               0x00000501   Thumb Code     8  system_armcm3.o(i.SystemInit)
    TaskDelayInit                            0x00000511   Thumb Code    10  switch.o(i.TaskDelayInit)
    TaskEnterCritical                        0x00000521   Thumb Code    12  switch.o(i.TaskEnterCritical)
    TaskExitCritical                         0x0000052d   Thumb Code    10  switch.o(i.TaskExitCritical)
    TaskHighestReady                         0x00000539   Thumb Code    30  switch.o(i.TaskHighestReady)
    TaskInit                                 0x00000561   Thumb Code   196  task.o(i.TaskInit)
    TaskRunFirst                             0x00000625   Thumb Code    16  switch.o(i.TaskRunFirst)
    TaskSched                                0x00000635   Thumb Code    54  switch.o(i.TaskSched)
    TaskSchedInit                            0x00000679   Thumb Code    42  switch.o(i.TaskSchedInit)
    TaskSchedRdy                             0x000006b1   Thumb Code    32  switch.o(i.TaskSchedRdy)
    TaskSchedUnRdy                           0x000006d9   Thumb Code    50  switch.o(i.TaskSchedUnRdy)
    TaskSwitch                               0x00000715   Thumb Code     8  switch.o(i.TaskSwitch)
    TaskSysTickHandler                       0x0000071d   Thumb Code   164  switch.o(i.TaskSysTickHandler)
    TimeTaskWait                             0x000007cd   Thumb Code    28  switch.o(i.TimeTaskWait)
    TimeTaskWakeUp                           0x000007ed   Thumb Code    24  switch.o(i.TimeTaskWakeUp)
    idleTaskEntry                            0x00000809   Thumb Code     4  main.o(i.idleTaskEntry)
    main                                     0x0000080d   Thumb Code    46  main.o(i.main)
    task1Entry                               0x0000084d   Thumb Code    72  app.o(i.task1Entry)
    task2Entry                               0x0000089d   Thumb Code    52  app.o(i.task2Entry)
    task3Entry                               0x000008dd   Thumb Code    52  app.o(i.task3Entry)
    task4Entry                               0x0000091d   Thumb Code    52  app.o(i.task4Entry)
    taskDelay                                0x0000095d   Thumb Code    40  time.o(i.taskDelay)
    Region$$Table$$Base                      0x00000a9c   Number         0  anon$$obj.o(Region$$Table)
    Region$$Table$$Limit                     0x00000abc   Number         0  anon$$obj.o(Region$$Table)
    currentTask                              0x20000000   Data           4  switch.o(.data)
    nextTask                                 0x20000004   Data           4  switch.o(.data)
    taskPrioBitmap                           0x20000008   Data           4  switch.o(.data)
    task1Flag                                0x20000010   Data           4  app.o(.data)
    task2Flag                                0x20000014   Data           4  app.o(.data)
    task3Flag                                0x20000018   Data           4  app.o(.data)
    task4Flag                                0x2000001c   Data           4  app.o(.data)
    SystemCoreClock                          0x20000020   Data           4  system_armcm3.o(.data)
    tTaskIdle                                0x20000024   Data          64  main.o(.bss)
    idleTaskEnv                              0x20000064   Data        4096  main.o(.bss)
    taskTable                                0x20001064   Data         384  switch.o(.bss)
    tTaskDelayList                           0x200011e4   Data          12  switch.o(.bss)
    tTask1                                   0x200011f0   Data          64  app.o(.bss)
    tTask2                                   0x20001230   Data          64  app.o(.bss)
    tTask3                                   0x20001270   Data          64  app.o(.bss)
    tTask4                                   0x200012b0   Data          64  app.o(.bss)
    task1Env                                 0x200012f0   Data        4096  app.o(.bss)
    task2Env                                 0x200022f0   Data        4096  app.o(.bss)
    task3Env                                 0x200032f0   Data        4096  app.o(.bss)
    task4Env                                 0x200042f0   Data        4096  app.o(.bss)
    eventWaitNormal                          0x200052f0   Data          16  app.o(.bss)
    __libspace_start                         0x20005300   Data          96  libspace.o(.bss)
    __temporary_stack_top$libspace           0x20005360   Data           0  libspace.o(.bss)



==============================================================================

Memory Map of the image

  Image Entry point : 0x000000c1

  Load Region LR_IROM1 (Base: 0x00000000, Size: 0x00000ae0, Max: 0x00040000, ABSOLUTE)

    Execution Region ER_IROM1 (Base: 0x00000000, Size: 0x00000abc, Max: 0x00040000, ABSOLUTE)

    Base Addr    Size         Type   Attr      Idx    E Section Name        Object

    0x00000000   0x000000c0   Data   RO          520    RESET               startup_armcm3.o
    0x000000c0   0x00000008   Code   RO          565  * !!!main             c_w.l(__main.o)
    0x000000c8   0x00000034   Code   RO          721    !!!scatter          c_w.l(__scatter.o)
    0x000000fc   0x0000001a   Code   RO          723    !!handler_copy      c_w.l(__scatter_copy.o)
    0x00000116   0x00000002   PAD
    0x00000118   0x0000001c   Code   RO          725    !!handler_zi        c_w.l(__scatter_zi.o)
    0x00000134   0x00000002   Code   RO          592    .ARM.Collect$$libinit$$00000000  c_w.l(libinit.o)
    0x00000136   0x00000000   Code   RO          599    .ARM.Collect$$libinit$$00000002  c_w.l(libinit2.o)
    0x00000136   0x00000000   Code   RO          601    .ARM.Collect$$libinit$$00000004  c_w.l(libinit2.o)
    0x00000136   0x00000000   Code   RO          604    .ARM.Collect$$libinit$$0000000A  c_w.l(libinit2.o)
    0x00000136   0x00000000   Code   RO          606    .ARM.Collect$$libinit$$0000000C  c_w.l(libinit2.o)
    0x00000136   0x00000000   Code   RO          608    .ARM.Collect$$libinit$$0000000E  c_w.l(libinit2.o)
    0x00000136   0x00000000   Code   RO          611    .ARM.Collect$$libinit$$00000011  c_w.l(libinit2.o)
    0x00000136   0x00000000   Code   RO          613    .ARM.Collect$$libinit$$00000013  c_w.l(libinit2.o)
    0x00000136   0x00000000   Code   RO          615    .ARM.Collect$$libinit$$00000015  c_w.l(libinit2.o)
    0x00000136   0x00000000   Code   RO          617    .ARM.Collect$$libinit$$00000017  c_w.l(libinit2.o)
    0x00000136   0x00000000   Code   RO          619    .ARM.Collect$$libinit$$00000019  c_w.l(libinit2.o)
    0x00000136   0x00000000   Code   RO          621    .ARM.Collect$$libinit$$0000001B  c_w.l(libinit2.o)
    0x00000136   0x00000000   Code   RO          623    .ARM.Collect$$libinit$$0000001D  c_w.l(libinit2.o)
    0x00000136   0x00000000   Code   RO          625    .ARM.Collect$$libinit$$0000001F  c_w.l(libinit2.o)
    0x00000136   0x00000000   Code   RO          627    .ARM.Collect$$libinit$$00000021  c_w.l(libinit2.o)
    0x00000136   0x00000000   Code   RO          629    .ARM.Collect$$libinit$$00000023  c_w.l(libinit2.o)
    0x00000136   0x00000000   Code   RO          631    .ARM.Collect$$libinit$$00000025  c_w.l(libinit2.o)
    0x00000136   0x00000000   Code   RO          635    .ARM.Collect$$libinit$$0000002C  c_w.l(libinit2.o)
    0x00000136   0x00000000   Code   RO          637    .ARM.Collect$$libinit$$0000002E  c_w.l(libinit2.o)
    0x00000136   0x00000000   Code   RO          639    .ARM.Collect$$libinit$$00000030  c_w.l(libinit2.o)
    0x00000136   0x00000000   Code   RO          641    .ARM.Collect$$libinit$$00000032  c_w.l(libinit2.o)
    0x00000136   0x00000002   Code   RO          642    .ARM.Collect$$libinit$$00000033  c_w.l(libinit2.o)
    0x00000138   0x00000002   Code   RO          662    .ARM.Collect$$libshutdown$$00000000  c_w.l(libshutdown.o)
    0x0000013a   0x00000000   Code   RO          676    .ARM.Collect$$libshutdown$$00000003  c_w.l(libshutdown2.o)
    0x0000013a   0x00000000   Code   RO          679    .ARM.Collect$$libshutdown$$00000006  c_w.l(libshutdown2.o)
    0x0000013a   0x00000000   Code   RO          682    .ARM.Collect$$libshutdown$$00000009  c_w.l(libshutdown2.o)
    0x0000013a   0x00000000   Code   RO          684    .ARM.Collect$$libshutdown$$0000000B  c_w.l(libshutdown2.o)
    0x0000013a   0x00000000   Code   RO          687    .ARM.Collect$$libshutdown$$0000000E  c_w.l(libshutdown2.o)
    0x0000013a   0x00000002   Code   RO          688    .ARM.Collect$$libshutdown$$0000000F  c_w.l(libshutdown2.o)
    0x0000013c   0x00000000   Code   RO          567    .ARM.Collect$$rtentry$$00000000  c_w.l(__rtentry.o)
    0x0000013c   0x00000000   Code   RO          569    .ARM.Collect$$rtentry$$00000002  c_w.l(__rtentry2.o)
    0x0000013c   0x00000006   Code   RO          581    .ARM.Collect$$rtentry$$00000004  c_w.l(__rtentry4.o)
    0x00000142   0x00000000   Code   RO          571    .ARM.Collect$$rtentry$$00000009  c_w.l(__rtentry2.o)
    0x00000142   0x00000004   Code   RO          572    .ARM.Collect$$rtentry$$0000000A  c_w.l(__rtentry2.o)
    0x00000146   0x00000000   Code   RO          574    .ARM.Collect$$rtentry$$0000000C  c_w.l(__rtentry2.o)
    0x00000146   0x00000008   Code   RO          575    .ARM.Collect$$rtentry$$0000000D  c_w.l(__rtentry2.o)
    0x0000014e   0x00000002   Code   RO          596    .ARM.Collect$$rtexit$$00000000  c_w.l(rtexit.o)
    0x00000150   0x00000000   Code   RO          644    .ARM.Collect$$rtexit$$00000002  c_w.l(rtexit2.o)
    0x00000150   0x00000004   Code   RO          645    .ARM.Collect$$rtexit$$00000003  c_w.l(rtexit2.o)
    0x00000154   0x00000006   Code   RO          646    .ARM.Collect$$rtexit$$00000004  c_w.l(rtexit2.o)
    0x0000015a   0x00000002   PAD
    0x0000015c   0x00000030   Code   RO           79    .emb_text           switch.o
    0x0000018c   0x00000040   Code   RO          521    .text               startup_armcm3.o
    0x000001cc   0x00000006   Code   RO          563    .text               c_w.l(heapauxi.o)
    0x000001d2   0x0000004a   Code   RO          583    .text               c_w.l(sys_stackheap_outer.o)
    0x0000021c   0x0000000c   Code   RO          585    .text               c_w.l(exit.o)
    0x00000228   0x00000008   Code   RO          593    .text               c_w.l(libspace.o)
    0x00000230   0x0000000c   Code   RO          654    .text               c_w.l(sys_exit.o)
    0x0000023c   0x00000002   Code   RO          665    .text               c_w.l(use_no_semi.o)
    0x0000023e   0x00000000   Code   RO          667    .text               c_w.l(indicate_semi.o)
    0x0000023e   0x0000000c   Code   RO          209    i.BitmapClear       tbitmap.o
    0x0000024a   0x00000002   PAD
    0x0000024c   0x0000005c   Code   RO          210    i.BitmapGetFirstSet  tbitmap.o
    0x000002a8   0x00000006   Code   RO          211    i.BitmapInit        tbitmap.o
    0x000002ae   0x00000004   Code   RO          212    i.BitmapPosCount    tbitmap.o
    0x000002b2   0x0000000c   Code   RO          213    i.BitmapSet         tbitmap.o
    0x000002be   0x00000010   Code   RO          476    i.EventInit         event.o
    0x000002ce   0x00000054   Code   RO          477    i.EventRemoveAll    event.o
    0x00000322   0x00000034   Code   RO          478    i.EventRemoveTask   event.o
    0x00000356   0x0000004a   Code   RO          479    i.EventWait         event.o
    0x000003a0   0x0000001e   Code   RO          480    i.EventWaitCount    event.o
    0x000003be   0x00000002   PAD
    0x000003c0   0x00000074   Code   RO          436    i.InitApp           app.o
    0x00000434   0x00000018   Code   RO          247    i.ListAddLast       tlist.o
    0x0000044c   0x00000006   Code   RO          248    i.ListCount         tlist.o
    0x00000452   0x0000000c   Code   RO          249    i.ListFirst         tlist.o
    0x0000045e   0x0000000a   Code   RO          250    i.ListInit          tlist.o
    0x00000468   0x00000014   Code   RO          255    i.ListRemove        tlist.o
    0x0000047c   0x0000001c   Code   RO          257    i.ListRemoveFirst   tlist.o
    0x00000498   0x00000006   Code   RO          258    i.NodeInit          tlist.o
    0x0000049e   0x00000002   PAD
    0x000004a0   0x00000058   Code   RO          333    i.SetSysTickPeriod  cup.o
    0x000004f8   0x00000008   Code   RO          334    i.SysTick_Handler   cup.o
    0x00000500   0x00000010   Code   RO          529    i.SystemInit        system_armcm3.o
    0x00000510   0x00000010   Code   RO           80    i.TaskDelayInit     switch.o
    0x00000520   0x0000000c   Code   RO           81    i.TaskEnterCritical  switch.o
    0x0000052c   0x0000000a   Code   RO           82    i.TaskExitCritical  switch.o
    0x00000536   0x00000002   PAD
    0x00000538   0x00000028   Code   RO           83    i.TaskHighestReady  switch.o
    0x00000560   0x000000c4   Code   RO          379    i.TaskInit          task.o
    0x00000624   0x00000010   Code   RO           84    i.TaskRunFirst      switch.o
    0x00000634   0x00000044   Code   RO           85    i.TaskSched         switch.o
    0x00000678   0x00000038   Code   RO           88    i.TaskSchedInit     switch.o
    0x000006b0   0x00000028   Code   RO           89    i.TaskSchedRdy      switch.o
    0x000006d8   0x0000003c   Code   RO           90    i.TaskSchedUnRdy    switch.o
    0x00000714   0x00000008   Code   RO           91    i.TaskSwitch        switch.o
    0x0000071c   0x000000b0   Code   RO           92    i.TaskSysTickHandler  switch.o
    0x000007cc   0x00000020   Code   RO           94    i.TimeTaskWait      switch.o
    0x000007ec   0x0000001c   Code   RO           95    i.TimeTaskWakeUp    switch.o
    0x00000808   0x00000004   Code   RO            4    i.idleTaskEntry     main.o
    0x0000080c   0x00000040   Code   RO            5    i.main              main.o
    0x0000084c   0x00000050   Code   RO          437    i.task1Entry        app.o
    0x0000089c   0x00000040   Code   RO          438    i.task2Entry        app.o
    0x000008dc   0x00000040   Code   RO          439    i.task3Entry        app.o
    0x0000091c   0x00000040   Code   RO          440    i.task4Entry        app.o
    0x0000095c   0x0000002c   Code   RO          364    i.taskDelay         time.o
    0x00000988   0x00000014   Code   RO           96    i.triggerPendSVC    switch.o
    0x0000099c   0x00000100   Data   RO          214    .constdata          tbitmap.o
    0x00000a9c   0x00000020   Data   RO          719    Region$$Table       anon$$obj.o


    Execution Region RW_IRAM1 (Base: 0x20000000, Size: 0x00006360, Max: 0x00020000, ABSOLUTE)

    Base Addr    Size         Type   Attr      Idx    E Section Name        Object

    0x20000000   0x00000010   Data   RW           98    .data               switch.o
    0x20000010   0x00000010   Data   RW          442    .data               app.o
    0x20000020   0x00000004   Data   RW          530    .data               system_armcm3.o
    0x20000024   0x00001040   Zero   RW            6    .bss                main.o
    0x20001064   0x0000018c   Zero   RW           97    .bss                switch.o
    0x200011f0   0x00004110   Zero   RW          441    .bss                app.o
    0x20005300   0x00000060   Zero   RW          594    .bss                c_w.l(libspace.o)
    0x20005360   0x00000c00   Zero   RW          519    HEAP                startup_armcm3.o
    0x20005f60   0x00000400   Zero   RW          518    STACK               startup_armcm3.o


==============================================================================

Image component sizes


      Code (inc. data)   RO Data    RW Data    ZI Data      Debug   Object Name

       388         92          0         16      16656       3476   app.o
        96         14          0          0          0      24776   cup.o
       256          0          0          0          0       3492   event.o
        68         18          0          0       4160      11439   main.o
        64         26        192          0       4096        864   startup_armcm3.o
       630         94          0         16        396      10114   switch.o
        16          8          0          4          0        739   system_armcm3.o
       196          0          0          0          0       1043   task.o
       126          6        256          0          0       2868   tbitmap.o
        44          4          0          0          0        524   time.o
       106          0          0          0          0       3803   tlist.o

    ----------------------------------------------------------------------
      1998        262        480         36      25308      63138   Object Totals
         0          0         32          0          0          0   (incl. Generated)
         8          0          0          0          0          0   (incl. Padding)

    ----------------------------------------------------------------------

      Code (inc. data)   RO Data    RW Data    ZI Data      Debug   Library Member Name

         8          0          0          0          0         68   __main.o
         0          0          0          0          0          0   __rtentry.o
        12          0          0          0          0          0   __rtentry2.o
         6          0          0          0          0          0   __rtentry4.o
        52          8          0          0          0          0   __scatter.o
        26          0          0          0          0          0   __scatter_copy.o
        28          0          0          0          0          0   __scatter_zi.o
        12          0          0          0          0         72   exit.o
         6          0          0          0          0        152   heapauxi.o
         0          0          0          0          0          0   indicate_semi.o
         2          0          0          0          0          0   libinit.o
         2          0          0          0          0          0   libinit2.o
         2          0          0          0          0          0   libshutdown.o
         2          0          0          0          0          0   libshutdown2.o
         8          4          0          0         96         68   libspace.o
         2          0          0          0          0          0   rtexit.o
        10          0          0          0          0          0   rtexit2.o
        12          4          0          0          0         68   sys_exit.o
        74          0          0          0          0         80   sys_stackheap_outer.o
         2          0          0          0          0         68   use_no_semi.o

    ----------------------------------------------------------------------
       270         16          0          0         96        576   Library Totals
         4          0          0          0          0          0   (incl. Padding)

    ----------------------------------------------------------------------

      Code (inc. data)   RO Data    RW Data    ZI Data      Debug   Library Name

       266         16          0          0         96        576   c_w.l

    ----------------------------------------------------------------------
       270         16          0          0         96        576   Library Totals

    ----------------------------------------------------------------------

==============================================================================


      Code (inc. data)   RO Data    RW Data    ZI Data      Debug   

      2268        278        480         36      25404      61474   Grand Totals
      2268        278        480         36      25404      61474   ELF Image Totals
      2268        278        480         36          0          0   ROM Totals

==============================================================================

    Total RO  Size (Code + RO Data)                 2748 (   2.68kB)
    Total RW  Size (RW Data + ZI Data)             25440 (  24.84kB)
    Total ROM Size (Code + RO Data + RW Data)       2784 (   2.72kB)

==============================================================================

