<html>
<body>
<pre>
<h1>礦ision Build Log</h1>
<h2>Tool Versions:</h2>
IDE-Version: μVision V5.14.0.0
Copyright (C) 2015 ARM Ltd and ARM Germany GmbH. All rights reserved.
License Information: hejx 微软中国, 微软中国, LIC=3UUUH-W0VMR-8Y9VV-PZW6D-CTL5Z-Q93W8
 
Tool Versions:
Toolchain:       MDK-ARM Professional  Version: 5.14.0.0
Toolchain Path:  C:\Keil_v5\ARM\ARMCC\Bin
C Compiler:      Armcc.exe V5.05 update 1 (build 106)
Assembler:       Armasm.exe V5.05 update 1 (build 106)
Linker/Locator:  ArmLink.exe V5.05 update 1 (build 106)
Library Manager: ArmAr.exe V5.05 update 1 (build 106)
Hex Converter:   FromElf.exe V5.05 update 1 (build 106)
CPU DLL:         SARMCM3.DLL V5.14.0.0
Dialog DLL:      DCM.DLL V1.13.1.0
Target DLL:      UL2CM3.DLL V1.155.0.0
Dialog DLL:      TCM.DLL V1.14.4.0
 
<h2>Project:</h2>
F:\参考资料\S3C24X0\file_buf_git\一步一步写嵌入式操作系统\TinyOS\keil\TinyOS.uvprojx
Project File Date:  01/18/2018

<h2>Output:</h2>
Build target 'Target 1'
compiling main.c...
compiling switch.c...
compiling cup.c...
compiling time.c...
compiling task.c...
compiling app.c...
..\src\app.c(19): warning:  #550-D: variable "count" was set but never used
        u32 count;
..\src\app.c: 1 warning, 0 errors
compiling event.c...
linking...
Program Size: Code=2268 RO-data=480 RW-data=36 ZI-data=25404  
".\Objects\TinyOS.axf" - 0 Error(s), 1 Warning(s).

<h2>Software Packages used:</h2>

Package Vendor: ARM
                http://www.keil.com/pack/ARM.CMSIS.4.2.0.pack
                ARM::CMSIS:CORE:3.40.0
                CMSIS (Cortex Microcontroller Software Interface Standard)
   * Component: CORE Version: 3.40.0
   * Component: Startup Version: 1.0.1

<h2>Collection of Component include folders:</h2>
  F:\参考资料\S3C24X0\file_buf_git\一步一步写嵌入式操作系统\TinyOS\keil\RTE
  C:\Keil_v5\ARM\PACK\ARM\CMSIS\4.2.0\CMSIS\Include
  C:\Keil_v5\ARM\PACK\ARM\CMSIS\4.2.0\Device\ARM\ARMCM3\Include

<h2>Collection of Component Files used:</h2>

   * Component: ARM::CMSIS:CORE:3.40.0
      Source file:   CMSIS\UserCodeTemplates\ARM\ITM_Retarget.c

   * Component: ARM::Device:Startup:1.0.1
      Include file:  Device\ARM\ARMCM3\Include\ARMCM3.h
      Source file:   Device\ARM\ARMCM3\Source\ARM\startup_ARMCM3.s
      Source file:   Device\ARM\ARMCM3\Source\system_ARMCM3.c
</pre>
</body>
</html>
